I'm sorry, but errors were detected in your script. Please correct the
errors listed below, and try again.


File "game/script.rpy", line 417: expected menuitem
    hide eric
    ^

Ren'Py Version: Ren'Py 7.5.0.22050204n
Fri May 20 21:40:12 2022
